#-----------------------------------------------------------
# Vivado v2023.2 (64-bit)
# SW Build 4029153 on Fri Oct 13 20:14:34 MDT 2023
# IP Build 4028589 on Sat Oct 14 00:45:43 MDT 2023
# SharedData Build 4025554 on Tue Oct 10 17:18:54 MDT 2023
# Start of session at: Sat Dec  7 21:31:40 2024
# Process ID: 23288
# Current directory: D:/Vivado_Labs/Lab4_exp/OExp04-IP2CPU
# Command line: vivado.exe -gui_launcher_event rodinguilauncherevent876 D:\Vivado_Labs\Lab4_exp\OExp04-IP2CPU\OExp04-IP2CPU.xpr
# Log file: D:/Vivado_Labs/Lab4_exp/OExp04-IP2CPU/vivado.log
# Journal file: D:/Vivado_Labs/Lab4_exp/OExp04-IP2CPU\vivado.jou
# Running On: Lee, OS: Windows, CPU Frequency: 3110 MHz, CPU Physical cores: 12, Host memory: 16849 MB
#-----------------------------------------------------------
start_gui
open_project D:/Vivado_Labs/Lab4_exp/OExp04-IP2CPU/OExp04-IP2CPU.xpr
update_compile_order -fileset sources_1
ipx::package_project -root_dir D:/Vivado_Labs/IPs/SCPU_mySCPUctrl/source_included -vendor xilinx.com -library user -taxonomy /UserIP -import_files -set_current false
ipx::unload_core d:/Vivado_Labs/IPs/SCPU_mySCPUctrl/source_included/component.xml
ipx::edit_ip_in_project -upgrade true -name tmp_edit_project -directory D:/Vivado_Labs/IPs/SCPU_mySCPUctrl/source_included d:/Vivado_Labs/IPs/SCPU_mySCPUctrl/source_included/component.xml
current_project OExp04-IP2CPU
current_project tmp_edit_project
close_project
export_ip_user_files -of_objects  [get_files d:/Vivado_Labs/IPs/SCPU_mySCPUctrl/source_included/component.xml] -no_script -reset -force -quiet
remove_files  d:/Vivado_Labs/IPs/SCPU_mySCPUctrl/source_included/component.xml
ipx::package_project -root_dir D:/Vivado_Labs/IPs/SCPU_mySCPUctrl/source_included -vendor xilinx.com -library user -taxonomy /UserIP -import_files -set_current false
ipx::unload_core d:/Vivado_Labs/IPs/SCPU_mySCPUctrl/source_included/component.xml
ipx::edit_ip_in_project -upgrade true -name tmp_edit_project -directory D:/Vivado_Labs/IPs/SCPU_mySCPUctrl/source_included d:/Vivado_Labs/IPs/SCPU_mySCPUctrl/source_included/component.xml
update_compile_order -fileset sources_1
ipx::add_bus_parameter ASSOCIATED_BUSIF [ipx::get_bus_interfaces clk -of_objects [ipx::current_core]]
set_property value clk [ipx::get_bus_parameters ASSOCIATED_BUSIF -of_objects [ipx::get_bus_interfaces clk -of_objects [ipx::current_core]]]
ipx::add_bus_parameter POLARITY [ipx::get_bus_interfaces rst -of_objects [ipx::current_core]]
set_property value ACTIVE_HIGH [ipx::get_bus_parameters POLARITY -of_objects [ipx::get_bus_interfaces rst -of_objects [ipx::current_core]]]
set_property core_revision 2 [ipx::current_core]
ipx::update_source_project_archive -component [ipx::current_core]
ipx::create_xgui_files [ipx::current_core]
ipx::update_checksums [ipx::current_core]
ipx::check_integrity [ipx::current_core]
ipx::save_core [ipx::current_core]
ipx::move_temp_component_back -component [ipx::current_core]
close_project -delete
update_ip_catalog -rebuild -repo_path d:/Vivado_Labs/IPs/SCPU_mySCPUctrl
