#-----------------------------------------------------------
# Vivado v2023.2 (64-bit)
# SW Build 4029153 on Fri Oct 13 20:14:34 MDT 2023
# IP Build 4028589 on Sat Oct 14 00:45:43 MDT 2023
# SharedData Build 4025554 on Tue Oct 10 17:18:54 MDT 2023
# Start of session at: Tue Sep 10 15:12:20 2024
# Process ID: 7664
# Current directory: D:/Github/Computer-Organization-Design-in-ZJU-2024/Vivado_Labs/Water_LED
# Command line: vivado.exe -gui_launcher_event rodinguilauncherevent23848 D:\Github\Computer-Organization-Design-in-ZJU-2024\Vivado_Labs\Water_LED\Water_LED.xpr
# Log file: D:/Github/Computer-Organization-Design-in-ZJU-2024/Vivado_Labs/Water_LED/vivado.log
# Journal file: D:/Github/Computer-Organization-Design-in-ZJU-2024/Vivado_Labs/Water_LED\vivado.jou
# Running On: Lee, OS: Windows, CPU Frequency: 3110 MHz, CPU Physical cores: 12, Host memory: 16849 MB
#-----------------------------------------------------------
start_gui
open_project D:/Github/Computer-Organization-Design-in-ZJU-2024/Vivado_Labs/Water_LED/Water_LED.xpr
update_compile_order -fileset sources_1
