#-----------------------------------------------------------
# Vivado v2017.4 (64-bit)
# SW Build 2086221 on Fri Dec 15 20:55:39 MST 2017
# IP Build 2085800 on Fri Dec 15 22:25:07 MST 2017
# Start of session at: Mon Sep 16 11:35:09 2024
# Process ID: 2376
# Current directory: D:/Vivado_Labs/Lab1/OExp01-ALU-2017
# Command line: vivado.exe -gui_launcher_event rodinguilauncherevent22992 D:\Vivado_Labs\Lab1\OExp01-ALU-2017\OExp01-ALU.xpr
# Log file: D:/Vivado_Labs/Lab1/OExp01-ALU-2017/vivado.log
# Journal file: D:/Vivado_Labs/Lab1/OExp01-ALU-2017\vivado.jou
#-----------------------------------------------------------
start_gui
open_project D:/Vivado_Labs/Lab1/OExp01-ALU-2017/OExp01-ALU.xpr
update_compile_order -fileset sources_1
report_ip_status -name ip_status 
open_bd_design {D:/Vivado_Labs/Lab1/OExp01-ALU-2017/OExp01-ALU.srcs/sources_1/bd/ALU/ALU.bd}
copy_bd_objs /  [get_bd_cells {xor32_1}]
set_property location {1 -278 12} [get_bd_cells xor32_2]
delete_bd_objs [get_bd_cells xor32_2]
regenerate_bd_layout
regenerate_bd_layout
undo
undo
regenerate_bd_layout -routing
undo
close_bd_design [get_bd_designs ALU]
launch_simulation
source ALU_tb.tcl
open_bd_design {D:/Vivado_Labs/Lab1/OExp01-ALU-2017/OExp01-ALU.srcs/sources_1/bd/ALU/ALU.bd}
close_bd_design [get_bd_designs ALU]
close_sim
