Copyright 1986-2022 Xilinx, Inc. All Rights Reserved. Copyright 2022-2023 Advanced Micro Devices, Inc. All Rights Reserved.
----------------------------------------------------------------------------------------------------------------------------------------------------
| Tool Version     : Vivado v.2023.2 (win64) Build 4029153 Fri Oct 13 20:14:34 MDT 2023
| Date             : Thu Dec 26 15:23:46 2024
| Host             : Lee running 64-bit major release  (build 9200)
| Command          : report_power -file CSSTE_Pipe_power_routed.rpt -pb CSSTE_Pipe_power_summary_routed.pb -rpx CSSTE_Pipe_power_routed.rpx
| Design           : CSSTE_Pipe
| Device           : xc7a100tcsg324-1
| Design State     : routed
| Grade            : commercial
| Process          : typical
| Characterization : Production
----------------------------------------------------------------------------------------------------------------------------------------------------

Power Report

Table of Contents
-----------------
1. Summary
1.1 On-Chip Components
1.2 Power Supply Summary
1.3 Confidence Level
2. Settings
2.1 Environment
2.2 Clock Constraints
3. Detailed Reports
3.1 By Hierarchy

1. Summary
----------

+--------------------------+----------------------------------+
| Total On-Chip Power (W)  | 25.188 (Junction temp exceeded!) |
| Design Power Budget (W)  | Unspecified*                     |
| Power Budget Margin (W)  | NA                               |
| Dynamic (W)              | 24.391                           |
| Device Static (W)        | 0.797                            |
| Effective TJA (C/W)      | 4.6                              |
| Max Ambient (C)          | 0.0                              |
| Junction Temperature (C) | 125.0                            |
| Confidence Level         | Low                              |
| Setting File             | ---                              |
| Simulation Activity File | ---                              |
| Design Nets Matched      | NA                               |
+--------------------------+----------------------------------+
* Specify Design Power Budget using, set_operating_conditions -design_power_budget <value in Watts>


1.1 On-Chip Components
----------------------

+--------------------------+-----------+----------+-----------+-----------------+
| On-Chip                  | Power (W) | Used     | Available | Utilization (%) |
+--------------------------+-----------+----------+-----------+-----------------+
| Slice Logic              |     3.921 |     2978 |       --- |             --- |
|   LUT as Logic           |     3.338 |     1404 |     63400 |            2.21 |
|   LUT as Distributed RAM |     0.290 |      636 |     19000 |            3.35 |
|   CARRY4                 |     0.138 |       53 |     15850 |            0.33 |
|   Register               |     0.086 |      459 |    126800 |            0.36 |
|   F7/F8 Muxes            |     0.058 |      328 |     63400 |            0.52 |
|   BUFG                   |     0.013 |        3 |        32 |            9.38 |
|   Others                 |     0.000 |       25 |       --- |             --- |
| Signals                  |     7.582 |     2051 |       --- |             --- |
| Block RAM                |     0.111 |        1 |       135 |            0.74 |
| I/O                      |    12.777 |       64 |       210 |           30.48 |
| Static Power             |     0.797 |          |           |                 |
| Total                    |    25.188 |          |           |                 |
+--------------------------+-----------+----------+-----------+-----------------+


1.2 Power Supply Summary
------------------------

+-----------+-------------+-----------+-------------+------------+-------------+-------------+------------+
| Source    | Voltage (V) | Total (A) | Dynamic (A) | Static (A) | Powerup (A) | Budget (A)  | Margin (A) |
+-----------+-------------+-----------+-------------+------------+-------------+-------------+------------+
| Vccint    |       1.000 |    12.235 |      11.672 |      0.563 |       NA    | Unspecified | NA         |
| Vccaux    |       1.800 |     0.559 |       0.466 |      0.093 |       NA    | Unspecified | NA         |
| Vcco33    |       3.300 |     3.601 |       3.597 |      0.004 |       NA    | Unspecified | NA         |
| Vcco25    |       2.500 |     0.000 |       0.000 |      0.000 |       NA    | Unspecified | NA         |
| Vcco18    |       1.800 |     0.000 |       0.000 |      0.000 |       NA    | Unspecified | NA         |
| Vcco15    |       1.500 |     0.000 |       0.000 |      0.000 |       NA    | Unspecified | NA         |
| Vcco135   |       1.350 |     0.000 |       0.000 |      0.000 |       NA    | Unspecified | NA         |
| Vcco12    |       1.200 |     0.000 |       0.000 |      0.000 |       NA    | Unspecified | NA         |
| Vccaux_io |       1.800 |     0.000 |       0.000 |      0.000 |       NA    | Unspecified | NA         |
| Vccbram   |       1.000 |     0.028 |       0.010 |      0.018 |       NA    | Unspecified | NA         |
| MGTAVcc   |       1.000 |     0.000 |       0.000 |      0.000 |       NA    | Unspecified | NA         |
| MGTAVtt   |       1.200 |     0.000 |       0.000 |      0.000 |       NA    | Unspecified | NA         |
| Vccadc    |       1.800 |     0.020 |       0.000 |      0.020 |       NA    | Unspecified | NA         |
+-----------+-------------+-----------+-------------+------------+-------------+-------------+------------+


1.3 Confidence Level
--------------------

+-----------------------------+------------+--------------------------------------------------------+--------------------------------------------------------------------------------------------------------------------+
| User Input Data             | Confidence | Details                                                | Action                                                                                                             |
+-----------------------------+------------+--------------------------------------------------------+--------------------------------------------------------------------------------------------------------------------+
| Design implementation state | High       | Design is routed                                       |                                                                                                                    |
| Clock nodes activity        | Low        | User specified less than 75% of clocks                 | Provide missing clock activity with a constraint file, simulation results or by editing the "By Clock Domain" view |
| I/O nodes activity          | Low        | More than 75% of inputs are missing user specification | Provide missing input activity with simulation results or by editing the "By Resource Type -> I/Os" view           |
| Internal nodes activity     | Medium     | User specified less than 25% of internal nodes         | Provide missing internal nodes activity with simulation results or by editing the "By Resource Type" views         |
| Device models               | High       | Device models are Production                           |                                                                                                                    |
|                             |            |                                                        |                                                                                                                    |
| Overall confidence level    | Low        |                                                        |                                                                                                                    |
+-----------------------------+------------+--------------------------------------------------------+--------------------------------------------------------------------------------------------------------------------+


2. Settings
-----------

2.1 Environment
---------------

+-----------------------+--------------------------+
| Ambient Temp (C)      | 25.0                     |
| ThetaJA (C/W)         | 4.6                      |
| Airflow (LFM)         | 250                      |
| Heat Sink             | medium (Medium Profile)  |
| ThetaSA (C/W)         | 4.6                      |
| Board Selection       | medium (10"x10")         |
| # of Board Layers     | 12to15 (12 to 15 Layers) |
| Board Temperature (C) | 25.0                     |
+-----------------------+--------------------------+


2.2 Clock Constraints
---------------------

+-------+--------+-----------------+
| Clock | Domain | Constraint (ns) |
+-------+--------+-----------------+


3. Detailed Reports
-------------------

3.1 By Hierarchy
----------------

+-----------------------------------+-----------+
| Name                              | Power (W) |
+-----------------------------------+-----------+
| CSSTE_Pipe                        |    24.391 |
|   U1                              |     0.598 |
|     inst                          |     0.598 |
|       Ex_reg_Mem                  |     0.141 |
|       Execute                     |     0.009 |
|       ID_reg_Ex                   |     0.077 |
|       IF_reg_ID                   |     0.059 |
|       Instruction_Fetch           |     0.247 |
|       Mem_reg_WB                  |     0.037 |
|       Write_Back                  |     0.028 |
|   U10                             |     0.567 |
|   U11                             |     9.336 |
|     inst                          |     9.336 |
|       vga_controller              |     0.551 |
|       vga_debugger                |     6.377 |
|       vga_display                 |     2.408 |
|   U2                              |     0.262 |
|     U0                            |     0.262 |
|       synth_options.dist_mem_inst |     0.262 |
|   U3                              |     0.111 |
|     U0                            |     0.111 |
|       inst_blk_mem_gen            |     0.111 |
|   U4                              |     0.035 |
|   U5                              |     0.130 |
|   U6                              |     0.235 |
|     inst                          |     0.212 |
|       U2                          |     0.212 |
|   U8                              |     0.121 |
|   U9                              |     0.059 |
|     u1                            |     0.059 |
+-----------------------------------+-----------+


