Copyright 1986-2022 Xilinx, Inc. All Rights Reserved. Copyright 2022-2023 Advanced Micro Devices, Inc. All Rights Reserved.
----------------------------------------------------------------------------------------------------------------------------------------------------
| Tool Version     : Vivado v.2023.2 (win64) Build 4029153 Fri Oct 13 20:14:34 MDT 2023
| Date             : Tue Dec 24 15:14:27 2024
| Host             : Lee running 64-bit major release  (build 9200)
| Command          : report_power -file CSSTE_Pipe_power_routed.rpt -pb CSSTE_Pipe_power_summary_routed.pb -rpx CSSTE_Pipe_power_routed.rpx
| Design           : CSSTE_Pipe
| Device           : xc7a100tcsg324-1
| Design State     : routed
| Grade            : commercial
| Process          : typical
| Characterization : Production
----------------------------------------------------------------------------------------------------------------------------------------------------

Power Report

Table of Contents
-----------------
1. Summary
1.1 On-Chip Components
1.2 Power Supply Summary
1.3 Confidence Level
2. Settings
2.1 Environment
2.2 Clock Constraints
3. Detailed Reports
3.1 By Hierarchy

1. Summary
----------

+--------------------------+----------------------------------+
| Total On-Chip Power (W)  | 59.936 (Junction temp exceeded!) |
| Design Power Budget (W)  | Unspecified*                     |
| Power Budget Margin (W)  | NA                               |
| Dynamic (W)              | 59.139                           |
| Device Static (W)        | 0.797                            |
| Effective TJA (C/W)      | 4.6                              |
| Max Ambient (C)          | 0.0                              |
| Junction Temperature (C) | 125.0                            |
| Confidence Level         | Low                              |
| Setting File             | ---                              |
| Simulation Activity File | ---                              |
| Design Nets Matched      | NA                               |
+--------------------------+----------------------------------+
* Specify Design Power Budget using, set_operating_conditions -design_power_budget <value in Watts>


1.1 On-Chip Components
----------------------

+--------------------------+-----------+----------+-----------+-----------------+
| On-Chip                  | Power (W) | Used     | Available | Utilization (%) |
+--------------------------+-----------+----------+-----------+-----------------+
| Slice Logic              |     7.458 |     5909 |       --- |             --- |
|   LUT as Logic           |     6.551 |     2588 |     63400 |            4.08 |
|   CARRY4                 |     0.410 |       97 |     15850 |            0.61 |
|   Register               |     0.362 |     1889 |    126800 |            1.49 |
|   F7/F8 Muxes            |     0.071 |      576 |     63400 |            0.91 |
|   BUFG                   |     0.035 |        5 |        32 |           15.63 |
|   LUT as Distributed RAM |     0.030 |      636 |     19000 |            3.35 |
|   Others                 |     0.000 |       24 |       --- |             --- |
| Signals                  |    16.767 |     4310 |       --- |             --- |
| Block RAM                |     0.129 |        1 |       135 |            0.74 |
| I/O                      |    34.784 |       64 |       210 |           30.48 |
| Static Power             |     0.797 |          |           |                 |
| Total                    |    59.936 |          |           |                 |
+--------------------------+-----------+----------+-----------+-----------------+


1.2 Power Supply Summary
------------------------

+-----------+-------------+-----------+-------------+------------+-------------+-------------+------------+
| Source    | Voltage (V) | Total (A) | Dynamic (A) | Static (A) | Powerup (A) | Budget (A)  | Margin (A) |
+-----------+-------------+-----------+-------------+------------+-------------+-------------+------------+
| Vccint    |       1.000 |    24.976 |      24.413 |      0.563 |       NA    | Unspecified | NA         |
| Vccaux    |       1.800 |     1.365 |       1.272 |      0.093 |       NA    | Unspecified | NA         |
| Vcco33    |       3.300 |     9.830 |       9.826 |      0.004 |       NA    | Unspecified | NA         |
| Vcco25    |       2.500 |     0.000 |       0.000 |      0.000 |       NA    | Unspecified | NA         |
| Vcco18    |       1.800 |     0.000 |       0.000 |      0.000 |       NA    | Unspecified | NA         |
| Vcco15    |       1.500 |     0.000 |       0.000 |      0.000 |       NA    | Unspecified | NA         |
| Vcco135   |       1.350 |     0.000 |       0.000 |      0.000 |       NA    | Unspecified | NA         |
| Vcco12    |       1.200 |     0.000 |       0.000 |      0.000 |       NA    | Unspecified | NA         |
| Vccaux_io |       1.800 |     0.000 |       0.000 |      0.000 |       NA    | Unspecified | NA         |
| Vccbram   |       1.000 |     0.028 |       0.010 |      0.018 |       NA    | Unspecified | NA         |
| MGTAVcc   |       1.000 |     0.000 |       0.000 |      0.000 |       NA    | Unspecified | NA         |
| MGTAVtt   |       1.200 |     0.000 |       0.000 |      0.000 |       NA    | Unspecified | NA         |
| Vccadc    |       1.800 |     0.020 |       0.000 |      0.020 |       NA    | Unspecified | NA         |
+-----------+-------------+-----------+-------------+------------+-------------+-------------+------------+


1.3 Confidence Level
--------------------

+-----------------------------+------------+--------------------------------------------------------+--------------------------------------------------------------------------------------------------------------------+
| User Input Data             | Confidence | Details                                                | Action                                                                                                             |
+-----------------------------+------------+--------------------------------------------------------+--------------------------------------------------------------------------------------------------------------------+
| Design implementation state | High       | Design is routed                                       |                                                                                                                    |
| Clock nodes activity        | Low        | User specified less than 75% of clocks                 | Provide missing clock activity with a constraint file, simulation results or by editing the "By Clock Domain" view |
| I/O nodes activity          | Low        | More than 75% of inputs are missing user specification | Provide missing input activity with simulation results or by editing the "By Resource Type -> I/Os" view           |
| Internal nodes activity     | Medium     | User specified less than 25% of internal nodes         | Provide missing internal nodes activity with simulation results or by editing the "By Resource Type" views         |
| Device models               | High       | Device models are Production                           |                                                                                                                    |
|                             |            |                                                        |                                                                                                                    |
| Overall confidence level    | Low        |                                                        |                                                                                                                    |
+-----------------------------+------------+--------------------------------------------------------+--------------------------------------------------------------------------------------------------------------------+


2. Settings
-----------

2.1 Environment
---------------

+-----------------------+--------------------------+
| Ambient Temp (C)      | 25.0                     |
| ThetaJA (C/W)         | 4.6                      |
| Airflow (LFM)         | 250                      |
| Heat Sink             | medium (Medium Profile)  |
| ThetaSA (C/W)         | 4.6                      |
| Board Selection       | medium (10"x10")         |
| # of Board Layers     | 12to15 (12 to 15 Layers) |
| Board Temperature (C) | 25.0                     |
+-----------------------+--------------------------+


2.2 Clock Constraints
---------------------

+-------+--------+-----------------+
| Clock | Domain | Constraint (ns) |
+-------+--------+-----------------+


3. Detailed Reports
-------------------

3.1 By Hierarchy
----------------

+-----------------------------------+-----------+
| Name                              | Power (W) |
+-----------------------------------+-----------+
| CSSTE_Pipe                        |    59.139 |
|   U1                              |     8.188 |
|     inst                          |     8.188 |
|       Ex_reg_Mem                  |     0.553 |
|       Execute                     |     1.108 |
|       ID_reg_Ex                   |     0.419 |
|       IF_reg_ID                   |     0.360 |
|       Instruction_Decoder         |     0.461 |
|       Instruction_Fetch           |     0.962 |
|       Mem_reg_WB                  |     0.320 |
|       Memory_Access               |     0.004 |
|       Write_Back                  |     4.001 |
|   U10                             |     3.279 |
|   U11                             |     9.261 |
|     inst                          |     9.261 |
|       vga_controller              |     1.449 |
|       vga_debugger                |     6.923 |
|       vga_display                 |     0.889 |
|   U2                              |     0.499 |
|     U0                            |     0.499 |
|       synth_options.dist_mem_inst |     0.499 |
|   U3                              |     0.367 |
|     U0                            |     0.367 |
|       inst_blk_mem_gen            |     0.367 |
|   U4                              |     0.746 |
|   U5                              |     0.561 |
|   U6                              |     0.719 |
|     inst                          |     0.664 |
|       U2                          |     0.664 |
|   U7                              |     0.070 |
|   U8                              |     0.438 |
|   U9                              |     0.057 |
|     u1                            |     0.057 |
+-----------------------------------+-----------+


